../Core/TLE9012_Lib/Src/TLE_Abstraction.c:43:7:initAMS	32	static
../Core/TLE9012_Lib/Src/TLE_Abstraction.c:70:7:amsWakeUp	8	static
../Core/TLE9012_Lib/Src/TLE_Abstraction.c:82:7:amsCellMeasurement	72	static
../Core/TLE9012_Lib/Src/TLE_Abstraction.c:120:7:amsConfigCellMeasurement	24	static
../Core/TLE9012_Lib/Src/TLE_Abstraction.c:137:7:amsAuxMeasurement	72	static
../Core/TLE9012_Lib/Src/TLE_Abstraction.c:165:7:amsConfigAuxMeasurement	24	static
../Core/TLE9012_Lib/Src/TLE_Abstraction.c:178:7:amsInternalStatusMeasurement	16	static
../Core/TLE9012_Lib/Src/TLE_Abstraction.c:189:7:amsConfigGPIO	16	static
../Core/TLE9012_Lib/Src/TLE_Abstraction.c:197:7:amsSetGPIO	16	static
../Core/TLE9012_Lib/Src/TLE_Abstraction.c:205:7:readGPIO	16	static
../Core/TLE9012_Lib/Src/TLE_Abstraction.c:215:7:amsConfigBalancing	16	static
../Core/TLE9012_Lib/Src/TLE_Abstraction.c:225:7:amsStartBalancing	24	static
../Core/TLE9012_Lib/Src/TLE_Abstraction.c:236:7:amsStopBalancing	16	static
../Core/TLE9012_Lib/Src/TLE_Abstraction.c:247:7:amsSelfTest	4	static
../Core/TLE9012_Lib/Src/TLE_Abstraction.c:256:7:amsConfigUnderVoltage	16	static
../Core/TLE9012_Lib/Src/TLE_Abstraction.c:271:7:amsCheckUnderOverVoltage	24	static
../Core/TLE9012_Lib/Src/TLE_Abstraction.c:303:7:amsConfigOverVoltage	16	static
../Core/TLE9012_Lib/Src/TLE_Abstraction.c:316:7:amscheckOpenCellWire	24	static
../Core/TLE9012_Lib/Src/TLE_Abstraction.c:334:7:amsClearStatus	8	static
../Core/TLE9012_Lib/Src/TLE_Abstraction.c:343:7:amsClearAux	4	static
../Core/TLE9012_Lib/Src/TLE_Abstraction.c:351:7:amsClearCells	8	static
../Core/TLE9012_Lib/Src/TLE_Abstraction.c:362:7:amsSendWarning	4	static
../Core/TLE9012_Lib/Src/TLE_Abstraction.c:371:7:amsSendError	4	static
../Core/TLE9012_Lib/Src/TLE_Abstraction.c:381:7:amsClearWarning	4	static
../Core/TLE9012_Lib/Src/TLE_Abstraction.c:391:7:amsClearError	4	static
../Core/TLE9012_Lib/Src/TLE_Abstraction.c:397:6:amsConfigCurrentSense	24	static
../Core/TLE9012_Lib/Src/TLE_Abstraction.c:424:6:amsCalibrateCurrentSense	16	static
../Core/TLE9012_Lib/Src/TLE_Abstraction.c:432:6:resetGenDiag	8	static
../Core/TLE9012_Lib/Src/TLE_Abstraction.c:437:6:resetWatchdog	8	static
../Core/TLE9012_Lib/Src/TLE_Abstraction.c:442:6:amsConfigTempSense	24	static
../Core/TLE9012_Lib/Src/TLE_Abstraction.c:469:7:amsConvertAuxToTemp	56	static
../Core/TLE9012_Lib/Src/TLE_Abstraction.c:478:6:amsEnterSleepMode	16	static
