../Core/Src/BMS_Functions.c:31:6:BMS_Init	24	static
../Core/Src/BMS_Functions.c:59:6:BMS_loop	8	static
../Core/Src/BMS_Functions.c:68:6:BMS_Wakeup	8	static
../Core/Src/BMS_Functions.c:74:6:BMS_Sleep	8	static
../Core/Src/BMS_Functions.c:80:6:BMS_Measure	8	static
../Core/Src/BMS_Functions.c:85:13:BMS_CheckLimits	16	static
../Core/Src/BMS_Functions.c:148:6:BMS_Balance	8	static
../Core/Src/BMS_Functions.c:167:13:BMS_Balancing_Algorithm	48	static
../Core/Src/BMS_Functions.c:206:6:BMS_ErrorHandler	16	static
../Core/Src/BMS_Functions.c:240:6:BMS_SetNewLimits	16	static
../Core/Src/BMS_Functions.c:247:21:BMS_GetLimits	24	static
